// Jest Snapshot v1, https://goo.gl/fbAQLP

exports[`should render the notes 1`] = `
<div>
  <div>
    <ul />
  </div>
</div>
`;
